---
monitoring_enable_list:
  - /AC7/Affinium
  - /AC7/Affinium/Campaign/partitions/partition1
  - /app/shared
  - /chroot
  - /cognos
  - /cognos/c10_64/temp
  - /data
  - /data/oracle/foxtel/datafiles
  - /data/oradata
  - /dmexpress
  - /dmexpress/api_full_impl
  - /dmexpress/archive
  - /dmexpress/BSS
  - /dmexpress/foxtel
  - /dmexpress/ikea_japan
  - /dmexpress/NBN
  - /dmexpress/nib
  - /dmexpress/npbs
  - /dmexpress/npbs/delta
  - /dmexpress/npbs/dmxjobtask
  - /dmexpress/npbs/dmxjobtask/temp_workspace
  - /dmexpress/vmoney
  - /dmexpress/vmoney/delta
  - /dmexpress/vmoney/dmxjobtask
  - /dmexpress/vmoney/dmxjobtask/temp_workspace
  - /DQS
  - /foxtel_data
  - /home/streamsadmin
  - /IBM
  - /IBM/EMM
  - /IBM/EMM/Campaign/partitions/partition1/campaigns
  - /IBM/EMM/Campaign/partitions/partition1/loader
  - /IBM/EMM/Campaign/partitions/partition1/segments
  - /IBM/EMM/Campaign/partitions/partition1/tmp
  - /initiate
  - /initiate/foxtel
  - /initiate/vmoney
  - /macquarie_nas_1
  - /macquarie_nas/staging
  - /NAS/api
  - /NAS/api/prod
  - /nextcloud
  - /nfs_volume
  - /nfs_volume/rsnapshot
  - /nfs_volume/rsnapshot_new
  - /opt/elastic
  - /opt/kibana
  - /opt/logstash
  - /opt/redis
  - /products
  - /share
  - /share/Clients
  - /subversion
  - /transfer/bss
  - /transfer/corebox
  - /transfer/dademo
  - /transfer/ikeaau
  - /transfer/ikeajp
  - /transfer/metcash
  - /transfer/moneygram
  - /transfer/spark
  - /transfer/vmoney
  - /Unica
  - /var/lib/docker
  - /var/lib/libvirt/images
  - /var/lib/mysql
  - /var/log/audit
  - /vmy_data
  - /wwwroot
  - /zookeeper
